2025-11-27 04:30:02,859 - INFO - 
\U0001f50d Testing Sample 3 (Pharmacy – 4 items)...

2025-11-27 04:30:06,496 - INFO - \U0001f4cc Count     \u2192 Expected: 4 | Got: 4
2025-11-27 04:30:06,496 - INFO - \U0001f4cc Total Amt \u2192 Expected: 1699.84 | Got: 1699.84
2025-11-27 04:30:06,497 - INFO - \U0001f9fe First 3 Extracted Items:
[
  {
    "item_name": "Livi 300mg Tab",
    "item_amount": 448.0,
    "item_rate": 32.0,
    "item_quantity": 14.0
  },
  {
    "item_name": "Metnuro",
    "item_amount": 124.03,
    "item_rate": 17.72,
    "item_quantity": 7.0
  },
  {
    "item_name": "Pizat 4.5",
    "item_amount": 838.12,
    "item_rate": 419.06,
    "item_quantity": 2.0
  }
]
2025-11-27 04:30:06,497 - INFO - 
Sample 3 (Pharmacy – 4 items) PASSED \u2705

--------------------------------------------------------------------------------
2025-11-27 04:30:06,497 - INFO - 
\U0001f50d Testing Sample 1 (Hospital – 30 items)...

2025-11-27 04:30:21,076 - INFO - \U0001f4cc Count     \u2192 Expected: 30 | Got: 30
2025-11-27 04:30:21,076 - INFO - \U0001f4cc Total Amt \u2192 Expected: 21800.0 | Got: 21800.0
2025-11-27 04:30:21,076 - INFO - \U0001f9fe First 3 Extracted Items:
[
  {
    "item_name": "Consultation Charge | DR PREETHI MARY JOSEPH--",
    "item_amount": 300.0,
    "item_rate": 300.0,
    "item_quantity": 1.0
  },
  {
    "item_name": "Consultation Charge | DR VIDYA PREMACHANDRAN--",
    "item_amount": 200.0,
    "item_rate": 200.0,
    "item_quantity": 1.0
  },
  {
    "item_name": "Doctors Visiting Fee | DR S SALIL KUMAR--",
    "item_amount": 250.0,
    "item_rate": 250.0,
    "item_quantity": 1.0
  }
]
2025-11-27 04:30:21,076 - INFO - 
Sample 1 (Hospital – 30 items) PASSED \u2705

--------------------------------------------------------------------------------
2025-11-27 04:30:21,076 - INFO - 
\U0001f50d Testing Sample 2 (Consultation + Ward – 12 items)...

2025-11-27 04:30:31,386 - INFO - \U0001f4cc Count     \u2192 Expected: 12 | Got: 12
2025-11-27 04:30:31,386 - INFO - \U0001f4cc Total Amt \u2192 Expected: 16390.0 | Got: 16390.0
2025-11-27 04:30:31,386 - INFO - \U0001f9fe First 3 Extracted Items:
[
  {
    "item_name": "Consultation (Dr. Neo Church Tharsis (Diabetologist, General Medicine))",
    "item_amount": 4000.0,
    "item_rate": 1000.0,
    "item_quantity": 4.0
  },
  {
    "item_name": "RENAL FUNCTION TEST (RFT)",
    "item_amount": 240.0,
    "item_rate": 240.0,
    "item_quantity": 1.0
  },
  {
    "item_name": "ELECTROLYTES",
    "item_amount": 450.0,
    "item_rate": 450.0,
    "item_quantity": 1.0
  }
]
2025-11-27 04:30:31,386 - INFO - 
Sample 2 (Consultation + Ward – 12 items) PASSED \u2705

--------------------------------------------------------------------------------
